
   FAIL  Tests\Feature\TournamentFixtureTest
  Ô¿» organizer can generate fixtures
  Ô¿» leaderboard updates on match completion
  ÔöÇÔöÇÔöÇÔöÇÔöÇÔöÇÔöÇÔöÇÔöÇÔöÇÔöÇÔöÇÔöÇÔöÇÔöÇÔöÇÔöÇÔöÇ  
  ÔÇª  QueryException   
  SQLSTATE[HY000]: General error: 1 no such table: tournament_registration (Connection: sqlite, SQL: alter table "tournament_registration" add column "points" integer not null default '0')

  at vendor\laravel\framework\src\Illuminate\Database\Connection.php:824
    820Ôûò                     $this->getName(), $query, $this->prepareBindings($bindings), $e
    821Ôûò                 );
    822Ôûò             }
    823Ôûò 
  Ô×£ 824Ôûò             throw new QueryException(
    825Ôûò                 $this->getName(), $query, $this->prepareBindings($bindings), $e
    826Ôûò             );
    827Ôûò         }
    828Ôûò     }

  1   vendor\laravel\framework\src\Illuminate\Database\Connection.php:824

  2   vendor\laravel\framework\src\Illuminate\Database\Connection.php:564
      NunoMaduro\Collision\Exceptions\TestException::("SQLSTATE[HY000]: General error: 1 no such table: tournament_registration")

  ÔöÇÔöÇÔöÇÔöÇÔöÇÔöÇÔöÇÔöÇÔöÇÔöÇÔöÇÔöÇÔöÇÔöÇÔöÇÔöÇÔöÇÔöÇ  
  ÔÇª  QueryException   
  SQLSTATE[HY000]: General error: 1 no such table: tournament_registration (Connection: sqlite, SQL: alter table "tournament_registration" add column "points" integer not null default '0')

  at vendor\laravel\framework\src\Illuminate\Database\Connection.php:824
    820Ôûò                     $this->getName(), $query, $this->prepareBindings($bindings), $e
    821Ôûò                 );
    822Ôûò             }
    823Ôûò 
  Ô×£ 824Ôûò             throw new QueryException(
    825Ôûò                 $this->getName(), $query, $this->prepareBindings($bindings), $e
    826Ôûò             );
    827Ôûò         }
    828Ôûò     }

  1   vendor\laravel\framework\src\Illuminate\Database\Connection.php:824

  2   vendor\laravel\framework\src\Illuminate\Database\Connection.php:564
      NunoMaduro\Collision\Exceptions\TestException::("SQLSTATE[HY000]: General error: 1 no such table: tournament_registration")


  Tests:    2 failed (0 assertions)
  Duration: 0.72s

